[03:41:04] === bench-spark run ===
[03:41:04] Profile: nemotron-30b-fp8
[03:41:04] Tests:   01 02 03 04 05 06 07 08 09 10 11
[03:41:04] Results: /home/eugene/benchmarks/bench-spark/results/nemotron-3-nano-omni-30b-a3b-reasoning/fp8
[03:41:05] HF-cache vooraf: 137611 MB, 5 model(len)
[03:41:08] Sanity-check op modeloutput...
[03:41:10] SANITY: OK, model antwoordt: 1 2 3 4 5
[03:41:10] ── START 01 ──
[03:42:10]     ... 01 running: 60s, GPU 96%, 38.11W, 60C, 2496MHz
[03:43:11]     ... 01 running: 121s, GPU 96%, 41.80W, 63C, 2489MHz
[03:44:11]     ... 01 running: 181s, GPU 96%, 42.10W, 64C, 2489MHz
[03:45:11]     ... 01 running: 241s, GPU 96%, 40.99W, 64C, 2489MHz
[03:46:12]     ... 01 running: 302s, GPU 96%, 43.75W, 66C, 2489MHz
[03:47:12]     ... 01 running: 362s, GPU 96%, 42.56W, 66C, 2489MHz
[03:48:12]     ... 01 running: 422s, GPU 96%, 42.69W, 66C, 2489MHz
[03:49:13]     ... 01 running: 483s, GPU 96%, 44.03W, 67C, 2489MHz
[03:49:31] ── END 01 (501s) ──
[03:49:31] ── START 02 ──
[03:50:31]     ... 02 running: 60s, GPU 96%, 43.13W, 68C, 2489MHz
[03:51:31]     ... 02 running: 120s, GPU 96%, 44.46W, 69C, 2489MHz
[03:52:32]     ... 02 running: 181s, GPU 96%, 44.52W, 69C, 2489MHz
[03:53:32]     ... 02 running: 241s, GPU 96%, 61.77W, 71C, 2470MHz
[03:54:32]     ... 02 running: 301s, GPU 96%, 45.65W, 71C, 2470MHz
[03:55:33]     ... 02 running: 362s, GPU 96%, 45.88W, 72C, 2470MHz
[03:56:33]     ... 02 running: 422s, GPU 96%, 45.91W, 72C, 2470MHz
[03:57:34]     ... 02 running: 483s, GPU 96%, 46.12W, 72C, 2470MHz
[03:58:06] ── END 02 (515s) ──
[03:58:06] ── START 03 ──
[03:59:07]     ... 03 running: 61s, GPU 96%, 39.97W, 67C, 2483MHz
[04:00:07]     ... 03 running: 121s, GPU 96%, 39.99W, 67C, 2489MHz
[04:01:07]     ... 03 running: 181s, GPU 96%, 39.73W, 67C, 2483MHz
[04:02:08]     ... 03 running: 242s, GPU 96%, 41.63W, 67C, 2489MHz
[04:03:08]     ... 03 running: 302s, GPU 96%, 39.55W, 66C, 2483MHz
[04:04:08]     ... 03 running: 362s, GPU 96%, 42.87W, 67C, 2489MHz
[04:05:09]     ... 03 running: 423s, GPU 96%, 39.59W, 66C, 2483MHz
[04:06:09]     ... 03 running: 483s, GPU 96%, 42.86W, 67C, 2489MHz
[04:07:09]     ... 03 running: 543s, GPU 96%, 41.44W, 67C, 2489MHz
[04:08:10]     ... 03 running: 604s, GPU 96%, 44.05W, 67C, 2489MHz
[04:09:10]     ... 03 running: 664s, GPU 96%, 41.43W, 67C, 2489MHz
[04:10:11]     ... 03 running: 725s, GPU 96%, 44.26W, 67C, 2489MHz
[04:11:11]     ... 03 running: 785s, GPU 96%, 39.72W, 66C, 2489MHz
[04:11:23] ── END 03 (797s) ──
[04:11:23] ── START 04 ──
[04:12:23]     ... 04 running: 60s, GPU 96%, 41.26W, 66C, 2489MHz
[04:13:23]     ... 04 running: 120s, GPU 96%, 42.75W, 67C, 2489MHz
[04:14:24]     ... 04 running: 181s, GPU 96%, 74.70W, 72C, 2418MHz
[04:15:24]     ... 04 running: 241s, GPU 96%, 44.33W, 68C, 2489MHz
[04:16:10] ── END 04 (287s) ──
[04:16:10] ── START 05 ──
[04:17:10]     ... 05 running: 60s, GPU 96%, 42.94W, 68C, 2489MHz
[04:18:11]     ... 05 running: 121s, GPU 96%, 44.43W, 69C, 2489MHz
[04:19:11]     ... 05 running: 181s, GPU 96%, 40.21W, 68C, 2483MHz
[04:20:11]     ... 05 running: 241s, GPU 96%, 75.55W, 72C, 2424MHz
[04:21:12]     ... 05 running: 302s, GPU 96%, 45.04W, 70C, 2489MHz
[04:22:12]     ... 05 running: 362s, GPU 96%, 41.28W, 70C, 2483MHz
[04:23:12]     ... 05 running: 422s, GPU 96%, 44.13W, 71C, 2489MHz
[04:24:13]     ... 05 running: 483s, GPU 96%, 46.13W, 74C, 2470MHz
[04:25:13]     ... 05 running: 543s, GPU 96%, 80.87W, 81C, 2418MHz
[04:26:13]     ... 05 running: 603s, GPU 96%, 41.53W, 72C, 2463MHz
[04:27:14]     ... 05 running: 664s, GPU 96%, 82.06W, 81C, 2392MHz
[04:28:14]     ... 05 running: 724s, GPU 96%, 44.96W, 74C, 2470MHz
[04:29:15]     ... 05 running: 785s, GPU 96%, 81.70W, 77C, 2418MHz
[04:30:15]     ... 05 running: 845s, GPU 96%, 45.43W, 72C, 2470MHz
[04:31:06] ── END 05 (896s) ──
[04:31:06] ── START 06 ──
[04:32:07]     ... 06 running: 61s, GPU 96%, 46.21W, 72C, 2470MHz
[04:33:07]     ... 06 running: 121s, GPU 96%, 81.52W, 78C, 2411MHz
[04:34:07]     ... 06 running: 181s, GPU 96%, 82.41W, 83C, 2418MHz
[04:35:08]     ... 06 running: 242s, GPU 96%, 83.87W, 78C, 2411MHz
[04:36:00] ── END 06 (294s) ──
[04:36:00] ── START 07 ──
[04:37:00]     ... 07 running: 60s, GPU 96%, 44.55W, 69C, 2489MHz
[04:38:01]     ... 07 running: 121s, GPU 96%, 51.19W, 71C, 2496MHz
[04:39:01]     ... 07 running: 181s, GPU 96%, 44.57W, 69C, 2489MHz
[04:40:01]     ... 07 running: 241s, GPU 96%, 44.68W, 69C, 2489MHz
[04:41:02]     ... 07 running: 302s, GPU 96%, 44.57W, 68C, 2489MHz
[04:42:02]     ... 07 running: 362s, GPU 96%, 44.69W, 69C, 2496MHz
[04:43:02]     ... 07 running: 422s, GPU 23%, 36.28W, 65C, 2424MHz
[04:44:03]     ... 07 running: 483s, GPU 96%, 43.14W, 68C, 2496MHz
[04:45:03]     ... 07 running: 543s, GPU 55%, 65.53W, 74C, 2444MHz
[04:46:03]     ... 07 running: 603s, GPU 96%, 44.49W, 68C, 2496MHz
[04:47:04]     ... 07 running: 664s, GPU 96%, 44.36W, 68C, 2489MHz
[04:47:59] ── END 07 (719s) ──
[04:47:59] ── START 08 ──
[04:47:59] Kopieer ShareGPT naar container...
[04:49:00]     ... 08 running: 61s, GPU 95%, 43.54W, 66C, 2489MHz
[04:50:00]     ... 08 running: 121s, GPU 96%, 32.78W, 63C, 2483MHz
[04:51:00]     ... 08 running: 181s, GPU 96%, 39.19W, 64C, 2483MHz
[04:52:01]     ... 08 running: 242s, GPU 96%, 43.11W, 65C, 2489MHz
[04:53:01]     ... 08 running: 302s, GPU 96%, 41.30W, 64C, 2489MHz
[04:54:01]     ... 08 running: 362s, GPU 0%, 14.10W, 56C, 2411MHz
[04:55:02]     ... 08 running: 423s, GPU 96%, 38.20W, 60C, 2509MHz
[04:56:02]     ... 08 running: 483s, GPU 0%, 14.58W, 59C, 2411MHz
[04:57:02]     ... 08 running: 543s, GPU 96%, 38.48W, 61C, 2502MHz
[04:58:03]     ... 08 running: 604s, GPU 96%, 38.13W, 60C, 2502MHz
[04:59:03]     ... 08 running: 664s, GPU 96%, 41.48W, 60C, 2509MHz
[05:00:03]     ... 08 running: 724s, GPU 96%, 37.95W, 59C, 2502MHz
[05:01:03]     ... 08 running: 784s, GPU 96%, 37.45W, 54C, 2509MHz
[05:02:04]     ... 08 running: 845s, GPU 1%, 29.20W, 54C, 2431MHz
[05:02:09] ── END 08 (850s) ──
[05:02:09] ── START 09 ──
[05:03:09]     ... 09 running: 60s, GPU 96%, 39.10W, 60C, 2509MHz
[05:04:10]     ... 09 running: 121s, GPU 96%, 43.82W, 62C, 2496MHz
[05:05:10]     ... 09 running: 181s, GPU 96%, 44.45W, 64C, 2496MHz
[05:06:10]     ... 09 running: 241s, GPU 96%, 35.39W, 66C, 2444MHz
[05:07:11]     ... 09 running: 302s, GPU 96%, 45.72W, 66C, 2489MHz
[05:08:11]     ... 09 running: 362s, GPU 96%, 45.99W, 67C, 2496MHz
[05:09:11]     ... 09 running: 422s, GPU 96%, 45.56W, 67C, 2496MHz
[05:10:12]     ... 09 running: 483s, GPU 96%, 45.79W, 68C, 2489MHz
[05:11:12]     ... 09 running: 543s, GPU 96%, 45.26W, 68C, 2496MHz
[05:12:13]     ... 09 running: 604s, GPU 96%, 44.41W, 68C, 2496MHz
[05:13:13]     ... 09 running: 664s, GPU 96%, 44.47W, 67C, 2489MHz
[05:13:59] ── END 09 (710s) ──
[05:13:59] ── START 10 ──
[05:15:00]     ... 10 running: 61s, GPU 5%, 36.87W, 67C, 2496MHz
[05:16:00]     ... 10 running: 121s, GPU 0%, 44.58W, 70C, 2431MHz
[05:17:01]     ... 10 running: 182s, GPU 96%, 45.27W, 67C, 2489MHz
[05:18:01]     ... 10 running: 242s, GPU 2%, 38.44W, 64C, 2424MHz
[05:19:01]     ... 10 running: 302s, GPU 96%, 44.10W, 67C, 2489MHz
[05:20:02]     ... 10 running: 363s, GPU 96%, 45.53W, 68C, 2496MHz
[05:21:02]     ... 10 running: 423s, GPU 91%, 31.73W, 64C, 2405MHz
[05:22:02]     ... 10 running: 483s, GPU 96%, 60.76W, 72C, 2437MHz
[05:22:17] ── END 10 (498s) ──
[05:22:17] ── START 11 ──
[05:22:17]     K: rate 0.1 req/s, 100 prompts
[05:22:24]     K: kon 11-rate-sweep-0.1.json niet ophalen
[05:22:24]     K: rate 0.2 req/s, 100 prompts
[05:22:24]     K: kon 11-rate-sweep-0.2.json niet ophalen
[05:22:24]     K: rate 0.3 req/s, 100 prompts
[05:22:24]     K: kon 11-rate-sweep-0.3.json niet ophalen
[05:22:24]     K: rate 0.5 req/s, 125 prompts
[05:22:24]     K: kon 11-rate-sweep-0.5.json niet ophalen
[05:22:24]     K: rate 0.7 req/s, 175 prompts
[05:22:24]     K: kon 11-rate-sweep-0.7.json niet ophalen
[05:22:24]     K: rate 1.0 req/s, 250 prompts
[05:22:24]     K: kon 11-rate-sweep-1.0.json niet ophalen
[05:22:24] ── FAILED 11 (7s) ──
[05:22:24] Gewichten opruimen...
[05:22:25] Niets op te ruimen (geen nieuwe modellen in de cache)
[05:22:25] === klaar (6075s = 101m) ===
