[03:07:40] === bench-spark run ===
[03:07:40] Profile: gemma-4-e4b-it-bf16
[03:07:40] Tests:   01 02 03 04 05 06 07 08 09 10 11
[03:07:40] Results: /home/eugene/benchmarks/bench-spark/results/gemma-4-e4b-it/bf16
[03:07:46] Sanity-check op modeloutput...
[03:07:52] SANITY: OK, model antwoordt: 1, 2, 3, 4, 5.
[03:07:52] ── START 01 ──
[03:08:52]     ... 01 running: 60s, GPU 96%, 45.15W, 63C, 2515MHz
[03:09:52]     ... 01 running: 120s, GPU 96%, 46.12W, 67C, 2496MHz
[03:10:53]     ... 01 running: 181s, GPU 96%, 37.76W, 67C, 2496MHz
[03:11:53]     ... 01 running: 241s, GPU 96%, 60.22W, 68C, 2476MHz
[03:12:53]     ... 01 running: 301s, GPU 96%, 46.77W, 69C, 2496MHz
[03:13:54]     ... 01 running: 362s, GPU 96%, 39.31W, 67C, 2496MHz
[03:14:54]     ... 01 running: 422s, GPU 96%, 38.92W, 66C, 2496MHz
[03:15:41] ── END 01 (469s) ──
[03:15:41] ── START 02 ──
[03:16:42]     ... 02 running: 61s, GPU 96%, 37.42W, 66C, 2496MHz
[03:17:42]     ... 02 running: 121s, GPU 96%, 37.72W, 66C, 2496MHz
[03:18:42]     ... 02 running: 181s, GPU 96%, 41.87W, 69C, 2496MHz
[03:19:43]     ... 02 running: 242s, GPU 96%, 92.20W, 79C, 2424MHz
[03:20:43]     ... 02 running: 302s, GPU 96%, 51.48W, 73C, 2470MHz
[03:21:43]     ... 02 running: 362s, GPU 96%, 43.02W, 69C, 2496MHz
[03:22:44]     ... 02 running: 423s, GPU 96%, 42.67W, 68C, 2496MHz
[03:23:44]     ... 02 running: 483s, GPU 96%, 50.47W, 69C, 2496MHz
[03:23:48] ── END 02 (487s) ──
[03:23:48] ── START 03 ──
[03:24:48]     ... 03 running: 60s, GPU 96%, 47.10W, 70C, 2496MHz
[03:25:48]     ... 03 running: 120s, GPU 96%, 39.75W, 70C, 2496MHz
[03:26:49]     ... 03 running: 181s, GPU 96%, 40.08W, 71C, 2496MHz
[03:27:49]     ... 03 running: 241s, GPU 96%, 42.28W, 72C, 2470MHz
[03:28:50]     ... 03 running: 302s, GPU 96%, 37.66W, 69C, 2496MHz
[03:29:32] ── END 03 (344s) ──
[03:29:32] ── START 04 ──
[03:30:32]     ... 04 running: 60s, GPU 96%, 46.80W, 69C, 2496MHz
[03:31:32]     ... 04 running: 120s, GPU 96%, 37.10W, 67C, 2496MHz
[03:32:33]     ... 04 running: 181s, GPU 96%, 38.88W, 66C, 2496MHz
[03:33:33]     ... 04 running: 241s, GPU 96%, 37.69W, 66C, 2496MHz
[03:34:31] ── END 04 (299s) ──
[03:34:31] ── START 05 ──
[03:35:32]     ... 05 running: 61s, GPU 96%, 39.20W, 67C, 2496MHz
[03:36:32]     ... 05 running: 121s, GPU 96%, 41.55W, 68C, 2496MHz
[03:37:32]     ... 05 running: 181s, GPU 96%, 46.64W, 70C, 2496MHz
[03:38:33]     ... 05 running: 242s, GPU 96%, 93.25W, 79C, 2431MHz
[03:39:33]     ... 05 running: 302s, GPU 96%, 39.77W, 70C, 2496MHz
[03:40:33]     ... 05 running: 362s, GPU 96%, 92.91W, 80C, 2411MHz
[03:41:34]     ... 05 running: 423s, GPU 96%, 55.66W, 68C, 2496MHz
[03:42:34]     ... 05 running: 483s, GPU 96%, 89.73W, 76C, 2437MHz
[03:43:34]     ... 05 running: 543s, GPU 96%, 39.48W, 68C, 2496MHz
[03:44:35]     ... 05 running: 604s, GPU 96%, 89.60W, 78C, 2444MHz
[03:45:35]     ... 05 running: 664s, GPU 96%, 39.79W, 68C, 2496MHz
[03:46:35]     ... 05 running: 724s, GPU 96%, 92.82W, 78C, 2418MHz
[03:47:35]     ... 05 running: 784s, GPU 96%, 45.70W, 67C, 2496MHz
[03:48:36]     ... 05 running: 845s, GPU 96%, 58.12W, 71C, 2450MHz
[03:49:36]     ... 05 running: 905s, GPU 96%, 83.19W, 74C, 2457MHz
[03:50:36]     ... 05 running: 965s, GPU 96%, 39.77W, 68C, 2496MHz
[03:51:36]     ... 05 running: 1025s, GPU 96%, 86.02W, 75C, 2424MHz
[03:52:37]     ... 05 running: 1086s, GPU 96%, 75.98W, 72C, 2457MHz
[03:53:37]     ... 05 running: 1146s, GPU 96%, 89.25W, 74C, 2444MHz
[03:54:37]     ... 05 running: 1206s, GPU 96%, 77.75W, 76C, 2457MHz
[03:55:19] ── END 05 (1248s) ──
[03:55:19] ── START 06 ──
[03:56:19]     ... 06 running: 60s, GPU 96%, 82.25W, 78C, 2444MHz
[03:57:20]     ... 06 running: 121s, GPU 96%, 49.69W, 70C, 2496MHz
[03:58:20]     ... 06 running: 181s, GPU 96%, 84.08W, 76C, 2431MHz
[03:59:20]     ... 06 running: 241s, GPU 96%, 49.96W, 71C, 2496MHz
[04:00:20]     ... 06 running: 301s, GPU 96%, 91.75W, 77C, 2431MHz
[04:01:21]     ... 06 running: 362s, GPU 96%, 49.94W, 72C, 2470MHz
[04:02:21]     ... 06 running: 422s, GPU 96%, 87.13W, 78C, 2431MHz
[04:03:21]     ... 06 running: 482s, GPU 96%, 79.56W, 79C, 2457MHz
[04:03:43] ── END 06 (504s) ──
[04:03:43] ── START 07 ──
[04:04:43]     ... 07 running: 60s, GPU 96%, 41.34W, 67C, 2496MHz
[04:05:43]     ... 07 running: 120s, GPU 96%, 44.18W, 68C, 2496MHz
[04:06:44]     ... 07 running: 181s, GPU 96%, 39.56W, 68C, 2496MHz
[04:07:44]     ... 07 running: 241s, GPU 96%, 41.58W, 68C, 2496MHz
[04:08:44]     ... 07 running: 301s, GPU 96%, 60.92W, 75C, 2444MHz
[04:09:45]     ... 07 running: 362s, GPU 96%, 39.80W, 68C, 2496MHz
[04:10:45]     ... 07 running: 422s, GPU 96%, 37.58W, 67C, 2496MHz
[04:11:45]     ... 07 running: 482s, GPU 96%, 39.47W, 67C, 2496MHz
[04:12:46]     ... 07 running: 543s, GPU 96%, 41.38W, 68C, 2496MHz
[04:13:46]     ... 07 running: 603s, GPU 96%, 54.18W, 68C, 2489MHz
[04:14:46]     ... 07 running: 663s, GPU 96%, 39.45W, 68C, 2496MHz
[04:15:39] ── END 07 (716s) ──
[04:15:39] ── START 08 ──
[04:15:39] Kopieer ShareGPT naar container...
[04:16:39]     ... 08 running: 60s, GPU 96%, 40.58W, 65C, 2496MHz
[04:17:40]     ... 08 running: 121s, GPU 96%, 45.86W, 66C, 2496MHz
[04:18:40]     ... 08 running: 181s, GPU 96%, 36.83W, 64C, 2496MHz
[04:19:41]     ... 08 running: 242s, GPU 96%, 38.30W, 64C, 2496MHz
[04:20:41]     ... 08 running: 302s, GPU 96%, 36.98W, 64C, 2496MHz
[04:21:41]     ... 08 running: 362s, GPU 0%, 14.57W, 59C, 2411MHz
[04:22:42]     ... 08 running: 423s, GPU 96%, 36.29W, 64C, 2496MHz
[04:23:42]     ... 08 running: 483s, GPU 96%, 38.02W, 64C, 2496MHz
[04:24:42]     ... 08 running: 543s, GPU 96%, 45.53W, 64C, 2496MHz
[04:25:43]     ... 08 running: 604s, GPU 96%, 36.14W, 63C, 2496MHz
[04:26:43]     ... 08 running: 664s, GPU 96%, 44.01W, 67C, 2489MHz
[04:27:44]     ... 08 running: 725s, GPU 96%, 36.96W, 64C, 2496MHz
[04:28:44]     ... 08 running: 785s, GPU 0%, 14.21W, 57C, 2411MHz
[04:29:44]     ... 08 running: 845s, GPU 96%, 44.96W, 62C, 2515MHz
[04:29:59] ── END 08 (860s) ──
[04:30:00] ── START 09 ──
[04:31:00]     ... 09 running: 61s, GPU 96%, 49.63W, 62C, 2470MHz
[04:32:00]     ... 09 running: 121s, GPU 96%, 50.46W, 66C, 2496MHz
[04:33:01]     ... 09 running: 182s, GPU 96%, 51.55W, 68C, 2496MHz
[04:34:01]     ... 09 running: 242s, GPU 96%, 56.59W, 74C, 2470MHz
[04:35:01]     ... 09 running: 302s, GPU 96%, 52.07W, 70C, 2496MHz
[04:36:02]     ... 09 running: 363s, GPU 96%, 51.52W, 70C, 2496MHz
[04:37:02]     ... 09 running: 423s, GPU 96%, 50.84W, 70C, 2496MHz
[04:38:02]     ... 09 running: 483s, GPU 96%, 50.73W, 70C, 2496MHz
[04:39:03]     ... 09 running: 544s, GPU 96%, 41.48W, 66C, 2496MHz
[04:40:03]     ... 09 running: 604s, GPU 96%, 37.24W, 65C, 2496MHz
[04:40:50] ── END 09 (651s) ──
[04:40:50] ── START 10 ──
[04:41:50]     ... 10 running: 60s, GPU 96%, 67.79W, 72C, 2470MHz
[04:42:51]     ... 10 running: 121s, GPU 96%, 52.45W, 74C, 2470MHz
[04:43:51]     ... 10 running: 181s, GPU 96%, 68.39W, 74C, 2470MHz
[04:44:51]     ... 10 running: 241s, GPU 96%, 70.95W, 76C, 2457MHz
[04:45:52]     ... 10 running: 302s, GPU 96%, 56.73W, 78C, 2470MHz
[04:46:52]     ... 10 running: 362s, GPU 96%, 52.98W, 75C, 2470MHz
[04:47:52]     ... 10 running: 422s, GPU 96%, 87.80W, 81C, 2418MHz
[04:48:53]     ... 10 running: 483s, GPU 96%, 83.21W, 80C, 2418MHz
[04:49:53]     ... 10 running: 543s, GPU 96%, 51.72W, 71C, 2496MHz
[04:50:26] ── END 10 (576s) ──
[04:50:26] ── START 11 ──
[04:50:26]     K: rate 0.1 req/s, 100 prompts
[04:51:27]     ... 11 running: 61s, GPU 96%, 84.26W, 76C, 2431MHz
[04:52:27]     ... 11 running: 121s, GPU 96%, 46.31W, 68C, 2496MHz
[04:53:27]     ... 11 running: 181s, GPU 96%, 37.44W, 64C, 2496MHz
[04:54:28]     ... 11 running: 242s, GPU 96%, 44.52W, 61C, 2515MHz
[04:55:28]     ... 11 running: 302s, GPU 96%, 36.65W, 63C, 2496MHz
[04:56:28]     ... 11 running: 362s, GPU 96%, 42.17W, 65C, 2496MHz
[04:57:29]     ... 11 running: 423s, GPU 96%, 90.02W, 72C, 2450MHz
[04:58:29]     ... 11 running: 483s, GPU 96%, 36.85W, 64C, 2496MHz
[04:59:29]     ... 11 running: 543s, GPU 96%, 45.66W, 66C, 2496MHz
[05:00:30]     ... 11 running: 604s, GPU 96%, 45.44W, 65C, 2496MHz
[05:01:30]     ... 11 running: 664s, GPU 96%, 36.88W, 64C, 2496MHz
[05:02:31]     ... 11 running: 725s, GPU 96%, 45.61W, 66C, 2496MHz
[05:03:31]     ... 11 running: 785s, GPU 96%, 69.72W, 74C, 2437MHz
[05:04:31]     ... 11 running: 845s, GPU 96%, 37.00W, 65C, 2496MHz
[05:05:32]     ... 11 running: 906s, GPU 96%, 36.19W, 64C, 2496MHz
[05:06:32]     ... 11 running: 966s, GPU 96%, 38.08W, 64C, 2496MHz
[05:07:32]     ... 11 running: 1026s, GPU 96%, 45.64W, 66C, 2496MHz
[05:08:03]     K: rate 0.2 req/s, 100 prompts
[05:08:33]     ... 11 running: 1087s, GPU 96%, 38.04W, 64C, 2496MHz
[05:09:33]     ... 11 running: 1147s, GPU 96%, 80.16W, 74C, 2431MHz
[05:10:33]     ... 11 running: 1207s, GPU 96%, 38.86W, 66C, 2496MHz
[05:11:34]     ... 11 running: 1268s, GPU 96%, 37.06W, 65C, 2496MHz
[05:12:34]     ... 11 running: 1328s, GPU 96%, 37.27W, 65C, 2496MHz
[05:13:34]     ... 11 running: 1388s, GPU 96%, 38.69W, 66C, 2496MHz
[05:14:35]     ... 11 running: 1449s, GPU 96%, 39.01W, 66C, 2496MHz
[05:15:35]     ... 11 running: 1509s, GPU 96%, 38.43W, 65C, 2496MHz
[05:16:35]     ... 11 running: 1569s, GPU 96%, 38.98W, 66C, 2496MHz
[05:17:18]     K: rate 0.3 req/s, 100 prompts
[05:17:26]     ... 11 running: 1620s, GPU 0%, 14.79W, 60C, 2411MHz
[05:18:26]     ... 11 running: 1680s, GPU 96%, 50.81W, 69C, 2496MHz
[05:19:26]     ... 11 running: 1740s, GPU 96%, 41.64W, 67C, 2496MHz
[05:20:27]     ... 11 running: 1801s, GPU 96%, 51.35W, 67C, 2496MHz
[05:21:27]     ... 11 running: 1861s, GPU 96%, 41.41W, 67C, 2496MHz
[05:22:27]     ... 11 running: 1921s, GPU 96%, 39.58W, 68C, 2496MHz
[05:23:28]     ... 11 running: 1982s, GPU 96%, 36.58W, 66C, 2496MHz
[05:23:45]     K: rate 0.5 req/s, 125 prompts
[05:24:28]     ... 11 running: 2042s, GPU 96%, 73.73W, 71C, 2450MHz
[05:25:28]     ... 11 running: 2102s, GPU 96%, 52.13W, 73C, 2470MHz
[05:26:29]     ... 11 running: 2163s, GPU 96%, 61.76W, 74C, 2470MHz
[05:27:29]     ... 11 running: 2223s, GPU 96%, 51.98W, 74C, 2470MHz
[05:28:29]     ... 11 running: 2283s, GPU 96%, 37.36W, 69C, 2496MHz
[05:28:42]     K: rate 0.7 req/s, 175 prompts
[05:29:30]     ... 11 running: 2344s, GPU 96%, 92.38W, 78C, 2411MHz
[05:30:30]     ... 11 running: 2404s, GPU 96%, 81.96W, 76C, 2424MHz
[05:31:30]     ... 11 running: 2464s, GPU 96%, 52.03W, 72C, 2470MHz
[05:32:31]     ... 11 running: 2525s, GPU 96%, 89.72W, 77C, 2424MHz
[05:33:31]     ... 11 running: 2585s, GPU 96%, 41.65W, 67C, 2496MHz
[05:33:53]     K: rate 1.0 req/s, 250 prompts
[05:34:31]     ... 11 running: 2645s, GPU 96%, 93.35W, 75C, 2405MHz
[05:35:32]     ... 11 running: 2706s, GPU 96%, 91.11W, 79C, 2411MHz
[05:36:32]     ... 11 running: 2766s, GPU 96%, 90.28W, 79C, 2444MHz
[05:37:32]     ... 11 running: 2826s, GPU 96%, 75.04W, 78C, 2457MHz
[05:38:32]     ... 11 running: 2886s, GPU 96%, 48.07W, 69C, 2496MHz
[05:39:19] ── END 11 (2933s) ──
[05:39:19] === klaar (9087s = 151m) ===
