[11:15:39] === bench-spark run ===
[11:15:39] Profile: dense-31b-nvfp4
[11:15:39] Tests:   C D E F G H I J
[11:15:39] Results: /home/eugene/benchmarks/bench-spark/results/gemma-4-31b-it/nvfp4
[11:15:39] ── START C ──
[11:16:39]     ... C running: 60s, GPU 96%
[11:17:39]     ... C running: 120s, GPU 96%
[11:18:39]     ... C running: 180s, GPU 96%
[11:19:39]     ... C running: 240s, GPU 96%
[11:20:39]     ... C running: 300s, GPU 96%
[11:21:39]     ... C running: 360s, GPU 96%
[11:22:39]     ... C running: 420s, GPU 96%
[11:23:39]     ... C running: 480s, GPU 96%
[11:24:39]     ... C running: 540s, GPU 96%
[11:25:39]     ... C running: 600s, GPU 96%
[11:26:39]     ... C running: 660s, GPU 96%
[11:27:40]     ... C running: 721s, GPU 96%
[11:28:40]     ... C running: 781s, GPU 96%
[11:29:40]     ... C running: 841s, GPU 96%
[11:30:40]     ... C running: 901s, GPU 96%
[11:31:40]     ... C running: 961s, GPU 96%
[11:32:40]     ... C running: 1021s, GPU 96%
[11:33:40]     ... C running: 1081s, GPU 96%
[11:34:40]     ... C running: 1141s, GPU 96%
[11:35:40]     ... C running: 1201s, GPU 96%
[11:36:40]     ... C running: 1261s, GPU 96%
[11:37:40]     ... C running: 1321s, GPU 96%
[11:38:40]     ... C running: 1381s, GPU 96%
[11:39:40]     ... C running: 1441s, GPU 96%
[11:40:40]     ... C running: 1501s, GPU 96%
[11:41:40]     ... C running: 1561s, GPU 96%
[11:42:40]     ... C running: 1621s, GPU 96%
[11:43:40]     ... C running: 1681s, GPU 96%
[11:44:40]     ... C running: 1741s, GPU 96%
[11:45:40]     ... C running: 1801s, GPU 96%
[11:46:40]     ... C running: 1861s, GPU 96%
[11:47:41]     ... C running: 1922s, GPU 96%
[11:48:41]     ... C running: 1982s, GPU 96%
[11:49:41]     ... C running: 2042s, GPU 96%
[11:50:41]     ... C running: 2102s, GPU 96%
[11:51:41]     ... C running: 2162s, GPU 96%
[11:52:41]     ... C running: 2222s, GPU 96%
[11:53:41]     ... C running: 2282s, GPU 96%
[11:54:41]     ... C running: 2342s, GPU 96%
[11:55:41]     ... C running: 2402s, GPU 96%
[11:56:41]     ... C running: 2462s, GPU 96%
[11:57:41]     ... C running: 2522s, GPU 96%
[11:58:41]     ... C running: 2582s, GPU 96%
[11:59:41]     ... C running: 2642s, GPU 96%
[12:00:41]     ... C running: 2702s, GPU 96%
[12:01:41]     ... C running: 2762s, GPU 96%
[12:02:41]     ... C running: 2822s, GPU 96%
[12:03:41]     ... C running: 2882s, GPU 96%
[12:04:41]     ... C running: 2942s, GPU 96%
[12:05:41]     ... C running: 3002s, GPU 96%
[12:06:41]     ... C running: 3062s, GPU 96%
[12:07:41]     ... C running: 3122s, GPU 96%
[12:08:41]     ... C running: 3182s, GPU 96%
[12:09:42]     ... C running: 3243s, GPU 96%
[12:10:42]     ... C running: 3303s, GPU 96%
[12:11:42]     ... C running: 3363s, GPU 96%
[12:12:42]     ... C running: 3423s, GPU 96%
[12:13:42]     ... C running: 3483s, GPU 96%
[12:14:42]     ... C running: 3543s, GPU 96%
[12:15:33] ── END C (3594s) ──
[12:15:33] ── START D ──
[12:16:33]     ... D running: 60s, GPU 96%
[12:17:33]     ... D running: 120s, GPU 96%
[12:18:34]     ... D running: 181s, GPU 96%
[12:19:34]     ... D running: 241s, GPU 96%
[12:20:34]     ... D running: 301s, GPU 96%
[12:21:34]     ... D running: 361s, GPU 96%
[12:22:34]     ... D running: 421s, GPU 96%
[12:23:34]     ... D running: 481s, GPU 96%
[12:24:34]     ... D running: 541s, GPU 96%
[12:25:34]     ... D running: 601s, GPU 96%
[12:26:34]     ... D running: 661s, GPU 96%
[12:27:34]     ... D running: 721s, GPU 96%
[12:28:34]     ... D running: 781s, GPU 96%
[12:29:34]     ... D running: 841s, GPU 96%
[12:30:34]     ... D running: 901s, GPU 96%
[12:31:34]     ... D running: 961s, GPU 96%
[12:32:34]     ... D running: 1021s, GPU 96%
[12:33:34]     ... D running: 1081s, GPU 96%
[12:34:34]     ... D running: 1141s, GPU 96%
[12:35:34]     ... D running: 1201s, GPU 96%
[12:36:34]     ... D running: 1261s, GPU 96%
[12:37:34]     ... D running: 1321s, GPU 96%
[12:38:34]     ... D running: 1381s, GPU 96%
[12:39:35]     ... D running: 1442s, GPU 96%
[12:40:35]     ... D running: 1502s, GPU 96%
[12:41:35]     ... D running: 1562s, GPU 96%
[12:42:35]     ... D running: 1622s, GPU 96%
[12:43:35]     ... D running: 1682s, GPU 96%
[12:44:35]     ... D running: 1742s, GPU 96%
[12:45:35]     ... D running: 1802s, GPU 96%
[12:46:35]     ... D running: 1862s, GPU 96%
[12:47:35]     ... D running: 1922s, GPU 96%
[12:48:35]     ... D running: 1982s, GPU 96%
[12:49:35]     ... D running: 2042s, GPU 96%
[12:50:34] ── END D (2101s) ──
[12:50:34] ── START E ──
[12:51:34]     ... E running: 60s, GPU 96%
[12:52:34]     ... E running: 120s, GPU 96%
[12:53:34]     ... E running: 180s, GPU 96%
[12:54:34]     ... E running: 240s, GPU 96%
[12:55:34]     ... E running: 300s, GPU 96%
[12:56:34]     ... E running: 360s, GPU 96%
[12:57:34]     ... E running: 420s, GPU 96%
[12:58:34]     ... E running: 480s, GPU 96%
[12:59:34]     ... E running: 540s, GPU 96%
[13:00:34]     ... E running: 600s, GPU 96%
[13:01:14] ── END E (640s) ──
[13:01:14] ── START F ──
[13:02:14]     ... F running: 60s, GPU 96%
[13:03:14]     ... F running: 120s, GPU 96%
[13:04:14]     ... F running: 180s, GPU 96%
[13:05:14]     ... F running: 240s, GPU 96%
[13:06:15]     ... F running: 301s, GPU 96%
[13:07:15]     ... F running: 361s, GPU 96%
[13:08:15]     ... F running: 421s, GPU 96%
[13:09:15]     ... F running: 481s, GPU 96%
[13:10:15]     ... F running: 541s, GPU 96%
[13:11:15]     ... F running: 601s, GPU 96%
[13:12:15]     ... F running: 661s, GPU 96%
[13:13:15]     ... F running: 721s, GPU 96%
[13:14:15]     ... F running: 781s, GPU 96%
[13:15:15]     ... F running: 841s, GPU 96%
[13:16:15]     ... F running: 901s, GPU 96%
[13:17:15]     ... F running: 961s, GPU 96%
[13:18:15]     ... F running: 1021s, GPU 96%
[13:19:15]     ... F running: 1081s, GPU 96%
[13:20:15]     ... F running: 1141s, GPU 96%
[13:21:15]     ... F running: 1201s, GPU 96%
[13:22:15]     ... F running: 1261s, GPU 96%
[13:23:15]     ... F running: 1321s, GPU 96%
[13:24:15]     ... F running: 1381s, GPU 96%
[13:25:15]     ... F running: 1441s, GPU 96%
[13:25:39] ── END F (1465s) ──
[13:25:39] ── START G ──
[13:26:39]     ... G running: 60s, GPU 96%
[13:27:39]     ... G running: 120s, GPU 96%
[13:28:39]     ... G running: 180s, GPU 96%
[13:29:39]     ... G running: 240s, GPU 96%
[13:30:39]     ... G running: 300s, GPU 96%
[13:31:39]     ... G running: 360s, GPU 96%
[13:32:39]     ... G running: 420s, GPU 96%
[13:33:39]     ... G running: 480s, GPU 96%
[13:34:39]     ... G running: 540s, GPU 96%
[13:35:21] ── END G (582s) ──
[13:35:21] ── START H ──
[13:36:21]     ... H running: 60s, GPU 96%
[13:37:21]     ... H running: 120s, GPU 96%
[13:38:21]     ... H running: 180s, GPU 96%
[13:39:21]     ... H running: 240s, GPU 96%
[13:40:21]     ... H running: 300s, GPU 96%
[13:41:21]     ... H running: 360s, GPU 96%
[13:42:21]     ... H running: 420s, GPU 96%
[13:43:21]     ... H running: 480s, GPU 96%
[13:44:21]     ... H running: 540s, GPU 96%
[13:45:21]     ... H running: 600s, GPU 96%
[13:46:21]     ... H running: 660s, GPU 96%
[13:47:21]     ... H running: 720s, GPU 96%
[13:48:21]     ... H running: 780s, GPU 96%
[13:49:21]     ... H running: 840s, GPU 96%
[13:50:21]     ... H running: 900s, GPU 96%
[13:51:21]     ... H running: 960s, GPU 96%
[13:52:21]     ... H running: 1020s, GPU 96%
[13:53:21]     ... H running: 1080s, GPU 96%
[13:54:13] ── END H (1132s) ──
[13:54:13] ── START I ──
[13:54:20] WARN: kon I_sharegpt-replay.json niet ophalen
[13:54:20] ── END I (7s) ──
[13:54:20] ── START J ──
[13:55:20]     ... J running: 60s, GPU 96%
[13:56:20]     ... J running: 120s, GPU 96%
[13:57:20]     ... J running: 180s, GPU 96%
[13:58:20]     ... J running: 240s, GPU 96%
[13:59:20]     ... J running: 300s, GPU 96%
[14:00:20]     ... J running: 360s, GPU 96%
[14:01:20]     ... J running: 420s, GPU 96%
[14:02:20]     ... J running: 480s, GPU 96%
[14:03:20]     ... J running: 540s, GPU 96%
[14:04:20]     ... J running: 600s, GPU 96%
[14:05:20]     ... J running: 660s, GPU 96%
[14:06:20]     ... J running: 720s, GPU 96%
[14:07:20]     ... J running: 780s, GPU 96%
[14:08:20]     ... J running: 840s, GPU 96%
[14:09:20]     ... J running: 900s, GPU 96%
[14:10:20]     ... J running: 960s, GPU 96%
[14:11:20]     ... J running: 1020s, GPU 96%
[14:12:20]     ... J running: 1080s, GPU 96%
[14:13:21]     ... J running: 1141s, GPU 96%
[14:14:21]     ... J running: 1201s, GPU 96%
[14:15:21]     ... J running: 1261s, GPU 96%
[14:16:21]     ... J running: 1321s, GPU 96%
[14:17:21]     ... J running: 1381s, GPU 96%
[14:18:21]     ... J running: 1441s, GPU 96%
[14:19:21]     ... J running: 1501s, GPU 96%
[14:20:21]     ... J running: 1561s, GPU 96%
[14:21:21]     ... J running: 1621s, GPU 96%
[14:22:21]     ... J running: 1681s, GPU 96%
[14:23:21]     ... J running: 1741s, GPU 96%
[14:24:21]     ... J running: 1801s, GPU 96%
[14:25:21]     ... J running: 1861s, GPU 96%
[14:26:21]     ... J running: 1921s, GPU 96%
[14:27:21]     ... J running: 1981s, GPU 96%
[14:28:21]     ... J running: 2041s, GPU 96%
[14:29:21]     ... J running: 2101s, GPU 96%
[14:30:21]     ... J running: 2161s, GPU 96%
[14:30:35] ── END J (2175s) ──
[14:30:35] === klaar (11696s = 194m) ===

════════ nieuwe sessie 2026-08-16T18:20:42+02:00 ════════
[18:20:42] === bench-spark run ===
[18:20:42] Profile: dense-31b-nvfp4
[18:20:42] Tests:   01 02 03 04 05 06 07 08 09 10 11
[18:20:42] Results: /home/eugene/benchmarks/bench-spark/results/gemma-4-31b-it/nvfp4
[18:20:47] Sanity-check op modeloutput...
[18:20:53] SANITY: OK, model antwoordt: 1, 2, 3, 4, 5.
[18:20:53] ── START 01 ──
[18:21:53]     ... 01 running: 60s, GPU 96%, 45.15W, 64C, 2496MHz
[18:22:54]     ... 01 running: 121s, GPU 96%, 47.69W, 69C, 2496MHz
[18:23:54]     ... 01 running: 181s, GPU 96%, 47.51W, 69C, 2496MHz
[18:24:55]     ... 01 running: 242s, GPU 96%, 39.94W, 65C, 2496MHz
[18:25:55]     ... 01 running: 302s, GPU 96%, 41.28W, 65C, 2496MHz
[18:26:55]     ... 01 running: 362s, GPU 96%, 41.29W, 66C, 2496MHz
[18:27:56]     ... 01 running: 423s, GPU 96%, 46.78W, 66C, 2496MHz
[18:28:56]     ... 01 running: 483s, GPU 96%, 41.24W, 65C, 2496MHz
[18:29:57]     ... 01 running: 544s, GPU 96%, 87.93W, 76C, 2457MHz
[18:30:57]     ... 01 running: 604s, GPU 96%, 41.45W, 65C, 2496MHz
[18:31:58]     ... 01 running: 665s, GPU 96%, 38.74W, 63C, 2496MHz
[18:32:58]     ... 01 running: 725s, GPU 96%, 44.61W, 66C, 2496MHz
[18:33:58]     ... 01 running: 785s, GPU 96%, 41.19W, 64C, 2496MHz
[18:34:59]     ... 01 running: 846s, GPU 96%, 46.66W, 65C, 2496MHz
[18:35:59]     ... 01 running: 906s, GPU 96%, 44.50W, 66C, 2496MHz
[18:36:59]     ... 01 running: 966s, GPU 96%, 55.47W, 69C, 2496MHz
[18:38:00]     ... 01 running: 1027s, GPU 96%, 39.94W, 65C, 2496MHz
[18:38:17] ── END 01 (1044s) ──
[18:38:17] ── START 02 ──
[18:39:17]     ... 02 running: 60s, GPU 96%, 42.66W, 71C, 2496MHz
[18:40:18]     ... 02 running: 121s, GPU 96%, 40.21W, 66C, 2496MHz
[18:41:18]     ... 02 running: 181s, GPU 96%, 87.40W, 80C, 2450MHz
[18:42:18]     ... 02 running: 241s, GPU 96%, 40.77W, 64C, 2496MHz
[18:43:19]     ... 02 running: 302s, GPU 96%, 85.31W, 82C, 2444MHz
[18:44:19]     ... 02 running: 362s, GPU 96%, 41.62W, 67C, 2496MHz
[18:45:19]     ... 02 running: 422s, GPU 96%, 85.71W, 78C, 2418MHz
[18:46:20]     ... 02 running: 483s, GPU 96%, 41.03W, 65C, 2496MHz
[18:47:20]     ... 02 running: 543s, GPU 96%, 85.10W, 79C, 2431MHz
[18:48:21]     ... 02 running: 604s, GPU 96%, 86.49W, 80C, 2444MHz
[18:49:21]     ... 02 running: 664s, GPU 96%, 44.53W, 65C, 2496MHz
[18:50:21]     ... 02 running: 724s, GPU 96%, 84.77W, 77C, 2457MHz
[18:51:22]     ... 02 running: 785s, GPU 96%, 84.79W, 81C, 2424MHz
[18:52:22]     ... 02 running: 845s, GPU 96%, 44.22W, 66C, 2496MHz
[18:53:22]     ... 02 running: 905s, GPU 96%, 86.14W, 77C, 2470MHz
[18:54:23]     ... 02 running: 966s, GPU 96%, 85.57W, 82C, 2431MHz
[18:55:23]     ... 02 running: 1026s, GPU 96%, 44.19W, 65C, 2496MHz
[18:56:24]     ... 02 running: 1087s, GPU 96%, 86.10W, 77C, 2431MHz
[18:57:24]     ... 02 running: 1147s, GPU 96%, 85.57W, 82C, 2444MHz
[18:58:24]     ... 02 running: 1207s, GPU 96%, 44.22W, 65C, 2496MHz
[18:59:25]     ... 02 running: 1268s, GPU 96%, 84.44W, 77C, 2463MHz
[19:00:25]     ... 02 running: 1328s, GPU 96%, 85.05W, 79C, 2463MHz
[19:01:25]     ... 02 running: 1388s, GPU 96%, 85.08W, 80C, 2431MHz
[19:02:26]     ... 02 running: 1449s, GPU 96%, 51.56W, 71C, 2476MHz
[19:03:26]     ... 02 running: 1509s, GPU 96%, 43.59W, 65C, 2496MHz
[19:04:26]     ... 02 running: 1569s, GPU 96%, 86.37W, 77C, 2437MHz
[19:05:17]     ... 02 running: 1620s, GPU 96%, 85.75W, 81C, 2463MHz
[19:06:17]     ... 02 running: 1680s, GPU 96%, 86.17W, 79C, 2411MHz
[19:07:17]     ... 02 running: 1740s, GPU 96%, 51.74W, 72C, 2470MHz
[19:08:18]     ... 02 running: 1801s, GPU 96%, 50.54W, 67C, 2496MHz
[19:09:18]     ... 02 running: 1861s, GPU 96%, 85.68W, 76C, 2437MHz
[19:10:18]     ... 02 running: 1921s, GPU 96%, 85.61W, 79C, 2457MHz
[19:11:19]     ... 02 running: 1982s, GPU 96%, 85.62W, 79C, 2437MHz
[19:12:19]     ... 02 running: 2042s, GPU 96%, 51.38W, 72C, 2470MHz
[19:13:19]     ... 02 running: 2102s, GPU 96%, 50.42W, 67C, 2496MHz
[19:14:20]     ... 02 running: 2163s, GPU 96%, 85.90W, 79C, 2444MHz
[19:15:20]     ... 02 running: 2223s, GPU 96%, 85.56W, 80C, 2431MHz
[19:16:20]     ... 02 running: 2283s, GPU 96%, 86.26W, 79C, 2418MHz
[19:17:21]     ... 02 running: 2344s, GPU 96%, 51.62W, 72C, 2476MHz
[19:18:21]     ... 02 running: 2404s, GPU 96%, 50.59W, 67C, 2496MHz
[19:19:05] ── END 02 (2448s) ──
[19:19:05] ── START 03 ──
[19:20:05]     ... 03 running: 60s, GPU 96%, 47.76W, 69C, 2496MHz
[19:21:05]     ... 03 running: 120s, GPU 96%, 57.56W, 75C, 2496MHz
[19:22:06]     ... 03 running: 181s, GPU 96%, 41.30W, 70C, 2496MHz
[19:23:06]     ... 03 running: 241s, GPU 96%, 41.34W, 70C, 2496MHz
[19:24:07]     ... 03 running: 302s, GPU 96%, 42.40W, 70C, 2496MHz
[19:25:07]     ... 03 running: 362s, GPU 96%, 48.40W, 71C, 2496MHz
[19:26:08]     ... 03 running: 423s, GPU 96%, 45.65W, 70C, 2496MHz
[19:27:08]     ... 03 running: 483s, GPU 96%, 44.97W, 68C, 2496MHz
[19:28:08]     ... 03 running: 543s, GPU 96%, 44.83W, 67C, 2496MHz
[19:29:09]     ... 03 running: 604s, GPU 96%, 38.92W, 64C, 2496MHz
[19:30:09]     ... 03 running: 664s, GPU 96%, 39.68W, 64C, 2496MHz
[19:30:31] ── END 03 (686s) ──
[19:30:31] ── START 04 ──
[19:31:31]     ... 04 running: 60s, GPU 96%, 46.89W, 66C, 2496MHz
[19:32:32]     ... 04 running: 121s, GPU 96%, 47.00W, 67C, 2496MHz
[19:33:32]     ... 04 running: 181s, GPU 96%, 46.98W, 66C, 2496MHz
[19:34:33]     ... 04 running: 242s, GPU 96%, 41.47W, 67C, 2496MHz
[19:35:33]     ... 04 running: 302s, GPU 96%, 38.89W, 64C, 2496MHz
[19:36:33]     ... 04 running: 362s, GPU 96%, 39.77W, 64C, 2496MHz
[19:37:34]     ... 04 running: 423s, GPU 96%, 40.16W, 65C, 2496MHz
[19:38:34]     ... 04 running: 483s, GPU 96%, 87.33W, 74C, 2457MHz
[19:39:35]     ... 04 running: 544s, GPU 96%, 39.59W, 64C, 2496MHz
[19:40:35]     ... 04 running: 604s, GPU 96%, 44.91W, 67C, 2496MHz
[19:41:35]     ... 04 running: 664s, GPU 96%, 87.41W, 78C, 2457MHz
[19:42:36]     ... 04 running: 725s, GPU 96%, 41.84W, 66C, 2496MHz
[19:43:36]     ... 04 running: 785s, GPU 96%, 45.45W, 69C, 2496MHz
[19:44:37]     ... 04 running: 846s, GPU 96%, 41.37W, 65C, 2496MHz
[19:45:37]     ... 04 running: 906s, GPU 96%, 45.07W, 68C, 2496MHz
[19:46:30] ── END 04 (959s) ──
[19:46:30] ── START 05 ──
[19:47:31]     ... 05 running: 61s, GPU 96%, 47.17W, 67C, 2496MHz
[19:48:31]     ... 05 running: 121s, GPU 96%, 47.10W, 67C, 2496MHz
[19:49:31]     ... 05 running: 181s, GPU 96%, 86.49W, 78C, 2437MHz
[19:50:32]     ... 05 running: 242s, GPU 96%, 85.56W, 75C, 2444MHz
[19:51:32]     ... 05 running: 302s, GPU 96%, 86.17W, 76C, 2457MHz
[19:52:33]     ... 05 running: 363s, GPU 96%, 87.08W, 76C, 2437MHz
[19:53:33]     ... 05 running: 423s, GPU 96%, 86.26W, 79C, 2450MHz
[19:54:33]     ... 05 running: 483s, GPU 96%, 44.96W, 68C, 2496MHz
[19:55:34]     ... 05 running: 544s, GPU 96%, 80.23W, 77C, 2457MHz
[19:56:34]     ... 05 running: 604s, GPU 96%, 86.51W, 73C, 2444MHz
[19:57:34]     ... 05 running: 664s, GPU 96%, 45.12W, 69C, 2496MHz
[19:58:35]     ... 05 running: 725s, GPU 96%, 46.04W, 71C, 2496MHz
[19:59:35]     ... 05 running: 785s, GPU 96%, 46.67W, 66C, 2496MHz
[20:00:36]     ... 05 running: 846s, GPU 96%, 46.06W, 64C, 2496MHz
[20:01:36]     ... 05 running: 906s, GPU 96%, 85.54W, 73C, 2470MHz
[20:02:36]     ... 05 running: 966s, GPU 96%, 84.90W, 73C, 2450MHz
[20:03:37]     ... 05 running: 1027s, GPU 96%, 41.77W, 68C, 2496MHz
[20:04:37]     ... 05 running: 1087s, GPU 96%, 42.88W, 72C, 2470MHz
[20:05:37]     ... 05 running: 1147s, GPU 96%, 84.71W, 73C, 2437MHz
[20:06:38]     ... 05 running: 1208s, GPU 96%, 39.72W, 64C, 2496MHz
[20:07:38]     ... 05 running: 1268s, GPU 96%, 42.53W, 70C, 2496MHz
[20:08:38]     ... 05 running: 1328s, GPU 96%, 85.19W, 79C, 2437MHz
[20:09:39]     ... 05 running: 1389s, GPU 96%, 85.24W, 80C, 2437MHz
[20:10:39]     ... 05 running: 1449s, GPU 96%, 85.18W, 72C, 2431MHz
[20:12:30]     ... 05 running: 1560s, GPU 96%, 44.62W, 66C, 2496MHz
[20:13:30]     ... 05 running: 1620s, GPU 96%, 86.10W, 77C, 2450MHz
[20:14:31]     ... 05 running: 1681s, GPU 96%, 45.22W, 69C, 2496MHz
[20:15:31]     ... 05 running: 1741s, GPU 96%, 85.94W, 79C, 2431MHz
[20:16:31]     ... 05 running: 1801s, GPU 96%, 85.36W, 77C, 2411MHz
[20:17:32]     ... 05 running: 1862s, GPU 96%, 85.90W, 73C, 2470MHz
[20:18:32]     ... 05 running: 1922s, GPU 96%, 85.46W, 72C, 2463MHz
[20:19:32]     ... 05 running: 1982s, GPU 96%, 84.17W, 70C, 2437MHz
[20:20:33]     ... 05 running: 2043s, GPU 96%, 84.36W, 75C, 2450MHz
[20:21:33]     ... 05 running: 2103s, GPU 96%, 84.27W, 75C, 2431MHz
[20:22:33]     ... 05 running: 2163s, GPU 96%, 78.68W, 81C, 2392MHz
[20:23:34]     ... 05 running: 2224s, GPU 96%, 41.79W, 68C, 2496MHz
[20:24:34]     ... 05 running: 2284s, GPU 96%, 80.84W, 75C, 2444MHz
[20:25:35]     ... 05 running: 2345s, GPU 96%, 80.61W, 76C, 2470MHz
[20:26:35]     ... 05 running: 2405s, GPU 96%, 85.65W, 73C, 2450MHz
[20:27:35]     ... 05 running: 2465s, GPU 96%, 82.20W, 80C, 2444MHz
[20:28:36]     ... 05 running: 2526s, GPU 96%, 41.58W, 68C, 2496MHz
[20:29:36]     ... 05 running: 2586s, GPU 96%, 83.40W, 78C, 2444MHz
[20:30:36]     ... 05 running: 2646s, GPU 96%, 82.76W, 82C, 2457MHz
[20:31:37]     ... 05 running: 2707s, GPU 96%, 84.66W, 69C, 2450MHz
[20:32:37]     ... 05 running: 2767s, GPU 96%, 82.49W, 79C, 2463MHz
[20:33:37]     ... 05 running: 2827s, GPU 96%, 80.43W, 75C, 2424MHz
[20:34:38]     ... 05 running: 2888s, GPU 96%, 82.22W, 75C, 2450MHz
[20:35:38]     ... 05 running: 2948s, GPU 96%, 44.48W, 67C, 2496MHz
[20:36:39]     ... 05 running: 3008s, GPU 96%, 86.18W, 78C, 2424MHz
[20:37:39]     ... 05 running: 3069s, GPU 96%, 81.93W, 79C, 2431MHz
[20:38:39]     ... 05 running: 3129s, GPU 96%, 84.31W, 76C, 2437MHz
[20:40:30]     ... 05 running: 3240s, GPU 96%, 86.10W, 74C, 2463MHz
[20:41:30]     ... 05 running: 3300s, GPU 96%, 83.22W, 76C, 2418MHz
[20:42:31]     ... 05 running: 3361s, GPU 96%, 81.82W, 78C, 2457MHz
[20:43:31]     ... 05 running: 3421s, GPU 96%, 82.39W, 75C, 2418MHz
[20:44:31]     ... 05 running: 3481s, GPU 96%, 44.71W, 67C, 2496MHz
[20:45:32]     ... 05 running: 3542s, GPU 96%, 83.71W, 75C, 2431MHz
[20:46:32]     ... 05 running: 3602s, GPU 96%, 83.16W, 79C, 2437MHz
[20:47:32]     ... 05 running: 3662s, GPU 96%, 81.82W, 78C, 2470MHz
[20:48:33]     ... 05 running: 3723s, GPU 96%, 87.65W, 77C, 2450MHz
[20:49:33]     ... 05 running: 3783s, GPU 96%, 84.63W, 73C, 2470MHz
[20:50:33]     ... 05 running: 3843s, GPU 96%, 46.51W, 68C, 2496MHz
[20:51:34]     ... 05 running: 3904s, GPU 96%, 47.22W, 70C, 2496MHz
[20:52:34]     ... 05 running: 3964s, GPU 96%, 80.44W, 77C, 2450MHz
[20:53:34]     ... 05 running: 4024s, GPU 96%, 79.60W, 80C, 2444MHz
[20:54:35]     ... 05 running: 4085s, GPU 96%, 46.76W, 69C, 2496MHz
[20:55:35]     ... 05 running: 4145s, GPU 96%, 76.17W, 77C, 2470MHz
[20:56:35]     ... 05 running: 4205s, GPU 96%, 82.01W, 79C, 2450MHz
[20:57:36]     ... 05 running: 4266s, GPU 96%, 83.49W, 79C, 2424MHz
[20:58:36]     ... 05 running: 4326s, GPU 96%, 41.02W, 64C, 2496MHz
[20:59:36]     ... 05 running: 4386s, GPU 96%, 76.50W, 75C, 2411MHz
[21:00:37]     ... 05 running: 4447s, GPU 96%, 77.24W, 81C, 2470MHz
[21:01:37]     ... 05 running: 4507s, GPU 96%, 82.04W, 76C, 2437MHz
[21:02:37]     ... 05 running: 4567s, GPU 96%, 40.96W, 64C, 2496MHz
[21:03:38]     ... 05 running: 4628s, GPU 96%, 76.64W, 82C, 2450MHz
[21:04:38]     ... 05 running: 4688s, GPU 96%, 81.90W, 79C, 2450MHz
[21:05:38]     ... 05 running: 4748s, GPU 96%, 78.11W, 75C, 2470MHz
[21:06:39]     ... 05 running: 4809s, GPU 96%, 40.97W, 64C, 2496MHz
[21:07:39]     ... 05 running: 4869s, GPU 96%, 84.74W, 78C, 2437MHz
[21:08:39]     ... 05 running: 4929s, GPU 96%, 79.06W, 80C, 2470MHz
[21:10:30]     ... 05 running: 5040s, GPU 96%, 41.11W, 65C, 2496MHz
[21:11:30]     ... 05 running: 5100s, GPU 96%, 83.03W, 77C, 2437MHz
[21:12:31]     ... 05 running: 5161s, GPU 96%, 76.93W, 82C, 2463MHz
[21:13:31]     ... 05 running: 5221s, GPU 96%, 79.89W, 74C, 2470MHz
[21:14:31]     ... 05 running: 5281s, GPU 96%, 78.88W, 77C, 2463MHz
[21:15:32]     ... 05 running: 5342s, GPU 96%, 84.72W, 78C, 2444MHz
[21:16:32]     ... 05 running: 5402s, GPU 96%, 74.16W, 75C, 2470MHz
[21:17:32]     ... 05 running: 5462s, GPU 96%, 44.20W, 66C, 2496MHz
[21:18:32]     ... 05 running: 5522s, GPU 96%, 82.63W, 76C, 2444MHz
[21:19:33]     ... 05 running: 5583s, GPU 96%, 83.50W, 80C, 2418MHz
[21:20:33]     ... 05 running: 5643s, GPU 96%, 81.24W, 76C, 2437MHz
[21:21:34]     ... 05 running: 5704s, GPU 96%, 84.30W, 77C, 2444MHz
[21:22:34]     ... 05 running: 5764s, GPU 96%, 73.60W, 73C, 2450MHz
[21:23:34]     ... 05 running: 5824s, GPU 96%, 79.99W, 76C, 2470MHz
[21:24:35]     ... 05 running: 5885s, GPU 96%, 72.53W, 72C, 2463MHz
[21:25:35]     ... 05 running: 5945s, GPU 96%, 39.55W, 64C, 2496MHz
[21:26:35]     ... 05 running: 6005s, GPU 96%, 82.27W, 78C, 2431MHz
[21:27:35]     ... 05 running: 6065s, GPU 96%, 77.32W, 76C, 2444MHz
[21:28:36]     ... 05 running: 6126s, GPU 96%, 78.83W, 77C, 2470MHz
[21:29:36]     ... 05 running: 6186s, GPU 96%, 77.76W, 79C, 2450MHz
[21:30:36]     ... 05 running: 6246s, GPU 96%, 84.64W, 77C, 2457MHz
[21:31:37]     ... 05 running: 6307s, GPU 96%, 83.08W, 74C, 2444MHz
[21:32:37]     ... 05 running: 6367s, GPU 96%, 43.97W, 65C, 2496MHz
[21:33:37]     ... 05 running: 6427s, GPU 96%, 69.09W, 73C, 2450MHz
[21:34:38]     ... 05 running: 6488s, GPU 96%, 79.96W, 76C, 2411MHz
[21:35:38]     ... 05 running: 6548s, GPU 96%, 79.69W, 76C, 2450MHz
[21:36:38]     ... 05 running: 6608s, GPU 96%, 76.01W, 79C, 2470MHz
[21:37:39]     ... 05 running: 6669s, GPU 96%, 78.13W, 77C, 2463MHz
[21:38:39]     ... 05 running: 6729s, GPU 96%, 77.97W, 74C, 2470MHz
[21:39:39]     ... 05 running: 6789s, GPU 96%, 44.92W, 68C, 2496MHz
[21:40:26] ── END 05 (6836s) ──
[21:40:26] ── START 06 ──
[21:41:26]     ... 06 running: 60s, GPU 96%, 76.46W, 75C, 2444MHz
[21:42:26]     ... 06 running: 120s, GPU 96%, 79.11W, 80C, 2457MHz
[21:43:26]     ... 06 running: 180s, GPU 96%, 80.36W, 77C, 2411MHz
[21:44:27]     ... 06 running: 241s, GPU 96%, 82.99W, 76C, 2424MHz
[21:45:27]     ... 06 running: 301s, GPU 96%, 75.19W, 74C, 2418MHz
[21:46:28]     ... 06 running: 362s, GPU 96%, 83.59W, 76C, 2457MHz
[21:47:28]     ... 06 running: 422s, GPU 96%, 72.09W, 78C, 2470MHz
[21:48:28]     ... 06 running: 482s, GPU 96%, 83.97W, 79C, 2463MHz
[21:49:28]     ... 06 running: 542s, GPU 96%, 81.70W, 78C, 2431MHz
[21:50:29]     ... 06 running: 603s, GPU 96%, 83.91W, 77C, 2424MHz
[21:51:29]     ... 06 running: 663s, GPU 96%, 82.92W, 77C, 2431MHz
[21:52:29]     ... 06 running: 723s, GPU 96%, 82.73W, 78C, 2457MHz
[21:53:30]     ... 06 running: 784s, GPU 96%, 50.27W, 70C, 2496MHz
[21:54:30]     ... 06 running: 844s, GPU 96%, 47.43W, 65C, 2496MHz
[21:55:30]     ... 06 running: 904s, GPU 96%, 84.72W, 76C, 2470MHz
[21:56:31]     ... 06 running: 965s, GPU 96%, 83.43W, 77C, 2424MHz
[21:57:31]     ... 06 running: 1025s, GPU 96%, 83.83W, 80C, 2398MHz
[21:58:31]     ... 06 running: 1085s, GPU 96%, 80.72W, 79C, 2457MHz
[21:59:32]     ... 06 running: 1146s, GPU 96%, 82.18W, 77C, 2431MHz
[22:00:32]     ... 06 running: 1206s, GPU 96%, 72.83W, 73C, 2450MHz
[22:01:32]     ... 06 running: 1266s, GPU 96%, 84.13W, 80C, 2444MHz
[22:02:33]     ... 06 running: 1327s, GPU 96%, 83.29W, 77C, 2431MHz
[22:03:33]     ... 06 running: 1387s, GPU 96%, 73.91W, 74C, 2470MHz
[22:04:33]     ... 06 running: 1447s, GPU 96%, 81.72W, 77C, 2463MHz
[22:05:34]     ... 06 running: 1508s, GPU 96%, 85.58W, 78C, 2424MHz
[22:06:34]     ... 06 running: 1568s, GPU 96%, 77.12W, 81C, 2431MHz
[22:07:34]     ... 06 running: 1628s, GPU 96%, 76.15W, 78C, 2470MHz
[22:08:34]     ... 06 running: 1688s, GPU 96%, 48.09W, 66C, 2496MHz
[22:09:35]     ... 06 running: 1749s, GPU 96%, 79.58W, 76C, 2457MHz
[22:10:35]     ... 06 running: 1809s, GPU 96%, 82.81W, 80C, 2470MHz
[22:12:26]     ... 06 running: 1920s, GPU 96%, 84.61W, 79C, 2424MHz
[22:13:26]     ... 06 running: 1980s, GPU 96%, 74.48W, 78C, 2457MHz
[22:14:26]     ... 06 running: 2040s, GPU 96%, 84.92W, 79C, 2450MHz
[22:15:27]     ... 06 running: 2101s, GPU 96%, 75.03W, 75C, 2470MHz
[22:16:27]     ... 06 running: 2161s, GPU 96%, 85.57W, 78C, 2418MHz
[22:17:27]     ... 06 running: 2221s, GPU 96%, 82.66W, 78C, 2424MHz
[22:18:28]     ... 06 running: 2282s, GPU 96%, 84.32W, 77C, 2437MHz
[22:19:28]     ... 06 running: 2342s, GPU 96%, 82.47W, 78C, 2431MHz
[22:20:28]     ... 06 running: 2402s, GPU 96%, 85.38W, 76C, 2418MHz
[22:21:29]     ... 06 running: 2463s, GPU 96%, 77.08W, 75C, 2444MHz
[22:22:29]     ... 06 running: 2523s, GPU 96%, 48.65W, 70C, 2496MHz
[22:23:29]     ... 06 running: 2583s, GPU 96%, 84.79W, 72C, 2437MHz
[22:24:30]     ... 06 running: 2644s, GPU 96%, 85.10W, 80C, 2431MHz
[22:25:30]     ... 06 running: 2704s, GPU 96%, 80.08W, 81C, 2418MHz
[22:26:30]     ... 06 running: 2764s, GPU 96%, 84.39W, 80C, 2424MHz
[22:27:30]     ... 06 running: 2824s, GPU 96%, 84.12W, 78C, 2437MHz
[22:28:31]     ... 06 running: 2885s, GPU 96%, 84.40W, 79C, 2424MHz
[22:29:31]     ... 06 running: 2945s, GPU 96%, 83.79W, 76C, 2437MHz
[22:30:31]     ... 06 running: 3005s, GPU 96%, 72.04W, 75C, 2470MHz
[22:31:32]     ... 06 running: 3066s, GPU 96%, 79.71W, 78C, 2411MHz
[22:32:32]     ... 06 running: 3126s, GPU 96%, 81.17W, 82C, 2431MHz
[22:33:32]     ... 06 running: 3186s, GPU 96%, 80.98W, 80C, 2424MHz
[22:34:33]     ... 06 running: 3247s, GPU 96%, 79.96W, 77C, 2444MHz
[22:35:33]     ... 06 running: 3307s, GPU 96%, 81.38W, 81C, 2418MHz
[22:36:33]     ... 06 running: 3367s, GPU 96%, 49.53W, 73C, 2476MHz
[22:37:34]     ... 06 running: 3428s, GPU 96%, 47.53W, 66C, 2496MHz
[22:37:48] ── END 06 (3442s) ──
[22:37:48] ── START 07 ──
[22:38:48]     ... 07 running: 60s, GPU 96%, 86.02W, 77C, 2431MHz
[22:39:48]     ... 07 running: 120s, GPU 96%, 86.68W, 77C, 2431MHz
[22:40:49]     ... 07 running: 181s, GPU 96%, 86.25W, 80C, 2418MHz
[22:41:49]     ... 07 running: 241s, GPU 96%, 86.19W, 83C, 2418MHz
[22:42:49]     ... 07 running: 301s, GPU 96%, 85.96W, 81C, 2418MHz
[22:43:50]     ... 07 running: 362s, GPU 96%, 84.34W, 80C, 2418MHz
[22:44:50]     ... 07 running: 422s, GPU 96%, 85.95W, 81C, 2431MHz
[22:45:50]     ... 07 running: 482s, GPU 96%, 85.50W, 81C, 2444MHz
[22:46:51]     ... 07 running: 543s, GPU 96%, 86.50W, 79C, 2431MHz
[22:47:51]     ... 07 running: 603s, GPU 96%, 86.34W, 83C, 2424MHz
[22:48:51]     ... 07 running: 663s, GPU 96%, 81.64W, 81C, 2437MHz
[22:49:52]     ... 07 running: 724s, GPU 96%, 85.70W, 80C, 2431MHz
[22:50:52]     ... 07 running: 784s, GPU 96%, 42.35W, 68C, 2496MHz
[22:51:52]     ... 07 running: 844s, GPU 96%, 84.15W, 71C, 2463MHz
[22:52:53]     ... 07 running: 905s, GPU 96%, 42.35W, 68C, 2463MHz
[22:53:53]     ... 07 running: 965s, GPU 96%, 42.04W, 70C, 2483MHz
[22:54:53]     ... 07 running: 1025s, GPU 96%, 42.67W, 72C, 2470MHz
[22:55:54]     ... 07 running: 1086s, GPU 96%, 42.44W, 69C, 2476MHz
[22:56:54]     ... 07 running: 1146s, GPU 96%, 44.65W, 67C, 2483MHz
[22:57:54]     ... 07 running: 1206s, GPU 96%, 76.22W, 73C, 2470MHz
[22:58:55]     ... 07 running: 1267s, GPU 96%, 82.75W, 77C, 2437MHz
[22:59:55]     ... 07 running: 1327s, GPU 96%, 63.92W, 77C, 2483MHz
[23:00:55]     ... 07 running: 1387s, GPU 96%, 41.69W, 69C, 2483MHz
[23:01:56]     ... 07 running: 1448s, GPU 96%, 80.54W, 76C, 2463MHz
[23:02:56]     ... 07 running: 1508s, GPU 96%, 41.00W, 66C, 2483MHz
[23:03:56]     ... 07 running: 1568s, GPU 96%, 38.72W, 64C, 2483MHz
[23:04:57]     ... 07 running: 1629s, GPU 96%, 42.41W, 66C, 2483MHz
[23:05:57]     ... 07 running: 1689s, GPU 96%, 50.90W, 67C, 2483MHz
[23:06:57]     ... 07 running: 1749s, GPU 96%, 50.89W, 69C, 2496MHz
[23:07:48]     ... 07 running: 1800s, GPU 0%, 15.25W, 62C, 2411MHz
[23:07:49] ── END 07 (1801s) ──
[23:07:49] ── START 08 ──
[23:07:49] Kopieer ShareGPT naar container...
[23:08:49]     ... 08 running: 60s, GPU 96%, 44.18W, 65C, 2496MHz
[23:09:49]     ... 08 running: 120s, GPU 96%, 48.39W, 68C, 2496MHz
[23:10:50]     ... 08 running: 181s, GPU 96%, 44.74W, 68C, 2496MHz
[23:11:50]     ... 08 running: 241s, GPU 96%, 64.67W, 70C, 2470MHz
[23:12:51]     ... 08 running: 302s, GPU 96%, 54.06W, 71C, 2496MHz
[23:13:51]     ... 08 running: 362s, GPU 96%, 45.30W, 69C, 2496MHz
[23:14:51]     ... 08 running: 422s, GPU 96%, 48.33W, 68C, 2496MHz
[23:15:52]     ... 08 running: 483s, GPU 96%, 45.16W, 69C, 2496MHz
[23:16:52]     ... 08 running: 543s, GPU 96%, 44.89W, 68C, 2496MHz
[23:17:53]     ... 08 running: 604s, GPU 96%, 41.82W, 67C, 2496MHz
[23:18:53]     ... 08 running: 664s, GPU 96%, 51.42W, 68C, 2476MHz
[23:19:53]     ... 08 running: 724s, GPU 96%, 53.89W, 69C, 2483MHz
[23:20:54]     ... 08 running: 785s, GPU 96%, 39.42W, 66C, 2496MHz
[23:21:54]     ... 08 running: 845s, GPU 96%, 56.72W, 68C, 2496MHz
[23:22:55]     ... 08 running: 906s, GPU 96%, 47.45W, 69C, 2496MHz
[23:23:28] ── END 08 (939s) ──
[23:23:29] ── START 09 ──
[23:24:29]     ... 09 running: 61s, GPU 96%, 41.66W, 66C, 2496MHz
[23:25:29]     ... 09 running: 121s, GPU 96%, 53.80W, 71C, 2476MHz
[23:26:30]     ... 09 running: 182s, GPU 96%, 56.77W, 73C, 2470MHz
[23:27:30]     ... 09 running: 242s, GPU 96%, 55.98W, 74C, 2463MHz
[23:28:30]     ... 09 running: 302s, GPU 96%, 55.23W, 71C, 2483MHz
[23:29:31]     ... 09 running: 363s, GPU 96%, 54.14W, 68C, 2489MHz
[23:30:31]     ... 09 running: 423s, GPU 96%, 53.25W, 68C, 2489MHz
[23:31:32]     ... 09 running: 484s, GPU 96%, 51.62W, 67C, 2483MHz
[23:32:32]     ... 09 running: 544s, GPU 96%, 51.88W, 66C, 2483MHz
[23:33:32]     ... 09 running: 604s, GPU 96%, 52.51W, 67C, 2483MHz
[23:34:33]     ... 09 running: 665s, GPU 96%, 52.33W, 66C, 2483MHz
[23:35:33]     ... 09 running: 725s, GPU 96%, 53.04W, 67C, 2483MHz
[23:36:33]     ... 09 running: 785s, GPU 96%, 52.45W, 66C, 2489MHz
[23:37:34]     ... 09 running: 846s, GPU 96%, 52.21W, 66C, 2489MHz
[23:38:34]     ... 09 running: 906s, GPU 96%, 52.49W, 66C, 2483MHz
[23:39:34]     ... 09 running: 966s, GPU 96%, 52.56W, 66C, 2489MHz
[23:40:35]     ... 09 running: 1027s, GPU 96%, 53.56W, 67C, 2489MHz
[23:41:35]     ... 09 running: 1087s, GPU 96%, 49.28W, 65C, 2489MHz
[23:42:36]     ... 09 running: 1148s, GPU 96%, 49.15W, 64C, 2489MHz
[23:43:36]     ... 09 running: 1208s, GPU 96%, 49.26W, 64C, 2489MHz
[23:44:36]     ... 09 running: 1268s, GPU 96%, 49.85W, 64C, 2489MHz
[23:45:37]     ... 09 running: 1329s, GPU 96%, 50.21W, 65C, 2496MHz
[23:46:37]     ... 09 running: 1389s, GPU 96%, 49.91W, 65C, 2496MHz
[23:47:37]     ... 09 running: 1449s, GPU 96%, 50.02W, 65C, 2496MHz
[23:48:28]     ... 09 running: 1500s, GPU 96%, 49.95W, 65C, 2489MHz
[23:49:28]     ... 09 running: 1560s, GPU 96%, 49.88W, 65C, 2489MHz
[23:50:28]     ... 09 running: 1620s, GPU 96%, 49.91W, 65C, 2496MHz
[23:51:29]     ... 09 running: 1681s, GPU 96%, 43.48W, 65C, 2496MHz
[23:52:29]     ... 09 running: 1741s, GPU 96%, 44.97W, 68C, 2496MHz
[23:53:29]     ... 09 running: 1801s, GPU 96%, 45.13W, 70C, 2496MHz
[23:54:30]     ... 09 running: 1862s, GPU 96%, 42.84W, 70C, 2496MHz
[23:55:30]     ... 09 running: 1922s, GPU 96%, 41.23W, 70C, 2496MHz
[23:56:31]     ... 09 running: 1983s, GPU 0%, 16.47W, 67C, 2405MHz
[23:56:31] ── END 09 (1983s) ──
[23:56:31] ── START 10 ──
[23:57:31]     ... 10 running: 60s, GPU 96%, 86.19W, 82C, 2437MHz
[23:58:31]     ... 10 running: 120s, GPU 96%, 86.23W, 81C, 2450MHz
[23:59:32]     ... 10 running: 181s, GPU 96%, 51.67W, 73C, 2470MHz
[00:00:32]     ... 10 running: 241s, GPU 96%, 71.64W, 75C, 2457MHz
[00:01:33]     ... 10 running: 302s, GPU 96%, 61.90W, 73C, 2463MHz
[00:02:33]     ... 10 running: 362s, GPU 96%, 75.41W, 72C, 2457MHz
[00:03:33]     ... 10 running: 422s, GPU 96%, 87.09W, 79C, 2444MHz
[00:04:34]     ... 10 running: 483s, GPU 96%, 51.46W, 72C, 2470MHz
[00:05:34]     ... 10 running: 543s, GPU 96%, 87.39W, 77C, 2457MHz
[00:06:34]     ... 10 running: 603s, GPU 96%, 86.12W, 79C, 2450MHz
[00:07:35]     ... 10 running: 664s, GPU 96%, 80.00W, 76C, 2457MHz
[00:08:35]     ... 10 running: 724s, GPU 96%, 86.96W, 75C, 2457MHz
[00:09:35]     ... 10 running: 784s, GPU 96%, 50.74W, 69C, 2489MHz
[00:10:36]     ... 10 running: 845s, GPU 96%, 88.75W, 77C, 2463MHz
[00:11:36]     ... 10 running: 905s, GPU 96%, 83.70W, 77C, 2457MHz
[00:12:36]     ... 10 running: 965s, GPU 96%, 51.01W, 72C, 2483MHz
[00:13:37]     ... 10 running: 1026s, GPU 96%, 88.24W, 77C, 2463MHz
[00:14:37]     ... 10 running: 1086s, GPU 96%, 71.35W, 73C, 2470MHz
[00:15:38]     ... 10 running: 1147s, GPU 96%, 86.89W, 74C, 2457MHz
[00:16:38]     ... 10 running: 1207s, GPU 96%, 52.35W, 72C, 2470MHz
[00:17:38]     ... 10 running: 1267s, GPU 96%, 51.53W, 73C, 2470MHz
[00:18:39]     ... 10 running: 1328s, GPU 96%, 88.28W, 75C, 2457MHz
[00:19:39]     ... 10 running: 1388s, GPU 96%, 50.74W, 70C, 2489MHz
[00:20:39]     ... 10 running: 1448s, GPU 96%, 88.44W, 79C, 2457MHz
[00:21:40]     ... 10 running: 1509s, GPU 96%, 73.13W, 73C, 2457MHz
[00:22:40]     ... 10 running: 1569s, GPU 96%, 88.02W, 80C, 2457MHz
[00:23:40]     ... 10 running: 1629s, GPU 96%, 87.41W, 75C, 2457MHz
[00:24:31]     ... 10 running: 1680s, GPU 96%, 86.67W, 76C, 2463MHz
[00:25:31]     ... 10 running: 1740s, GPU 96%, 51.33W, 71C, 2483MHz
[00:26:31]     ... 10 running: 1800s, GPU 96%, 86.55W, 74C, 2463MHz
[00:27:32]     ... 10 running: 1861s, GPU 96%, 50.59W, 71C, 2483MHz
[00:28:32]     ... 10 running: 1921s, GPU 96%, 51.09W, 72C, 2470MHz
[00:29:33]     ... 10 running: 1982s, GPU 96%, 86.46W, 76C, 2457MHz
[00:30:33]     ... 10 running: 2042s, GPU 96%, 50.95W, 72C, 2476MHz
[00:31:33]     ... 10 running: 2102s, GPU 96%, 51.19W, 71C, 2489MHz
[00:32:34]     ... 10 running: 2163s, GPU 96%, 51.13W, 72C, 2470MHz
[00:33:34]     ... 10 running: 2223s, GPU 96%, 87.10W, 76C, 2463MHz
[00:34:34]     ... 10 running: 2283s, GPU 96%, 70.19W, 78C, 2457MHz
[00:35:35]     ... 10 running: 2344s, GPU 96%, 51.39W, 72C, 2470MHz
[00:36:35]     ... 10 running: 2404s, GPU 96%, 87.48W, 75C, 2457MHz
[00:37:36]     ... 10 running: 2465s, GPU 96%, 87.71W, 76C, 2457MHz
[00:38:36]     ... 10 running: 2525s, GPU 96%, 51.01W, 71C, 2489MHz
[00:39:36]     ... 10 running: 2585s, GPU 96%, 85.95W, 75C, 2457MHz
[00:40:37]     ... 10 running: 2646s, GPU 96%, 78.57W, 78C, 2463MHz
[00:41:37]     ... 10 running: 2706s, GPU 96%, 87.02W, 76C, 2431MHz
[00:42:37]     ... 10 running: 2766s, GPU 96%, 88.01W, 75C, 2457MHz
[00:43:38]     ... 10 running: 2827s, GPU 96%, 51.05W, 70C, 2489MHz
[00:44:38]     ... 10 running: 2887s, GPU 96%, 43.81W, 65C, 2496MHz
[00:45:38]     ... 10 running: 2947s, GPU 96%, 41.71W, 67C, 2496MHz
[00:46:07] ── END 10 (2976s) ──
[00:46:07] ── START 11 ──
[00:46:07]     K: rate 0.1 req/s, 100 prompts
[00:47:07]     ... 11 running: 60s, GPU 96%, 85.31W, 79C, 2431MHz
[00:48:07]     ... 11 running: 120s, GPU 96%, 85.39W, 80C, 2405MHz
[00:49:08]     ... 11 running: 181s, GPU 96%, 85.95W, 73C, 2437MHz
[00:50:08]     ... 11 running: 241s, GPU 96%, 87.55W, 78C, 2457MHz
[00:51:08]     ... 11 running: 301s, GPU 96%, 87.10W, 74C, 2457MHz
[00:52:09]     ... 11 running: 362s, GPU 96%, 86.93W, 75C, 2431MHz
[00:53:09]     ... 11 running: 422s, GPU 96%, 44.36W, 67C, 2496MHz
[00:54:10]     ... 11 running: 483s, GPU 96%, 86.70W, 80C, 2437MHz
[00:55:10]     ... 11 running: 543s, GPU 96%, 51.13W, 70C, 2496MHz
[00:56:10]     ... 11 running: 603s, GPU 96%, 43.59W, 66C, 2496MHz
[00:57:11]     ... 11 running: 664s, GPU 96%, 85.96W, 76C, 2444MHz
[00:58:11]     ... 11 running: 724s, GPU 96%, 53.33W, 73C, 2470MHz
[00:59:11]     ... 11 running: 784s, GPU 96%, 87.81W, 80C, 2457MHz
[01:00:12]     ... 11 running: 845s, GPU 96%, 51.04W, 70C, 2489MHz
[01:01:12]     ... 11 running: 905s, GPU 96%, 51.77W, 70C, 2496MHz
[01:02:12]     ... 11 running: 965s, GPU 96%, 85.36W, 76C, 2450MHz
[01:03:13]     ... 11 running: 1026s, GPU 96%, 51.19W, 72C, 2489MHz
[01:04:13]     ... 11 running: 1086s, GPU 96%, 44.01W, 66C, 2496MHz
[01:05:14]     ... 11 running: 1147s, GPU 96%, 39.45W, 66C, 2496MHz
[01:05:50]     K: rate 0.2 req/s, 100 prompts
[01:06:14]     ... 11 running: 1207s, GPU 96%, 51.92W, 67C, 2496MHz
[01:07:14]     ... 11 running: 1267s, GPU 96%, 86.45W, 83C, 2418MHz
[01:08:15]     ... 11 running: 1328s, GPU 96%, 86.05W, 79C, 2398MHz
[01:09:15]     ... 11 running: 1388s, GPU 96%, 86.35W, 80C, 2398MHz
[01:10:15]     ... 11 running: 1448s, GPU 96%, 86.68W, 80C, 2437MHz
[01:11:16]     ... 11 running: 1509s, GPU 96%, 51.83W, 75C, 2463MHz
[01:12:16]     ... 11 running: 1569s, GPU 96%, 84.40W, 81C, 2437MHz
[01:13:16]     ... 11 running: 1629s, GPU 96%, 83.24W, 85C, 2431MHz
[01:14:07]     ... 11 running: 1680s, GPU 96%, 84.82W, 82C, 2418MHz
[01:15:07]     ... 11 running: 1740s, GPU 96%, 86.29W, 81C, 2424MHz
[01:16:07]     ... 11 running: 1800s, GPU 96%, 42.90W, 67C, 2483MHz
[01:17:07]     ... 11 running: 1860s, GPU 96%, 43.56W, 65C, 2489MHz
[01:18:08]     ... 11 running: 1921s, GPU 96%, 46.27W, 67C, 2483MHz
[01:19:08]     ... 11 running: 1981s, GPU 96%, 48.24W, 72C, 2489MHz
[01:20:08]     ... 11 running: 2041s, GPU 96%, 53.15W, 72C, 2470MHz
[01:21:09]     ... 11 running: 2102s, GPU 96%, 44.51W, 70C, 2496MHz
[01:21:35]     K: rate 0.3 req/s, 100 prompts
[01:22:09]     ... 11 running: 2162s, GPU 96%, 82.86W, 76C, 2424MHz
[01:23:10]     ... 11 running: 2223s, GPU 96%, 86.14W, 78C, 2437MHz
[01:24:10]     ... 11 running: 2283s, GPU 96%, 86.15W, 81C, 2405MHz
[01:25:10]     ... 11 running: 2343s, GPU 96%, 85.74W, 81C, 2437MHz
[01:26:11]     ... 11 running: 2404s, GPU 96%, 84.05W, 80C, 2418MHz
[01:27:11]     ... 11 running: 2464s, GPU 96%, 83.93W, 83C, 2444MHz
[01:28:11]     ... 11 running: 2524s, GPU 96%, 85.56W, 80C, 2398MHz
[01:29:11]     ... 11 running: 2584s, GPU 96%, 83.40W, 82C, 2411MHz
[01:30:12]     ... 11 running: 2645s, GPU 96%, 80.31W, 86C, 2437MHz
[01:31:12]     ... 11 running: 2705s, GPU 96%, 43.35W, 70C, 2489MHz
[01:32:13]     ... 11 running: 2766s, GPU 96%, 39.73W, 63C, 2483MHz
[01:33:13]     ... 11 running: 2826s, GPU 96%, 44.15W, 69C, 2489MHz
[01:34:13]     ... 11 running: 2886s, GPU 96%, 46.71W, 70C, 2489MHz
[01:35:13]     ... 11 running: 2946s, GPU 96%, 50.08W, 71C, 2463MHz
[01:36:14]     ... 11 running: 3007s, GPU 96%, 53.97W, 73C, 2470MHz
[01:37:14]     ... 11 running: 3067s, GPU 96%, 42.34W, 69C, 2496MHz
[01:37:25]     K: rate 0.5 req/s, 125 prompts
[01:38:14]     ... 11 running: 3127s, GPU 96%, 85.20W, 79C, 2405MHz
[01:39:15]     ... 11 running: 3188s, GPU 96%, 85.70W, 81C, 2398MHz
[01:40:15]     ... 11 running: 3248s, GPU 96%, 85.61W, 82C, 2405MHz
[01:41:15]     ... 11 running: 3308s, GPU 96%, 84.48W, 83C, 2398MHz
[01:42:16]     ... 11 running: 3369s, GPU 96%, 85.83W, 82C, 2411MHz
[01:43:16]     ... 11 running: 3429s, GPU 96%, 85.53W, 83C, 2431MHz
[01:44:16]     ... 11 running: 3489s, GPU 96%, 84.71W, 82C, 2398MHz
[01:45:07]     ... 11 running: 3540s, GPU 96%, 84.36W, 84C, 2411MHz
[01:46:07]     ... 11 running: 3600s, GPU 96%, 85.38W, 82C, 2405MHz
[01:47:07]     ... 11 running: 3660s, GPU 96%, 79.83W, 84C, 2437MHz
[01:48:08]     ... 11 running: 3721s, GPU 96%, 84.55W, 82C, 2418MHz
[01:49:08]     ... 11 running: 3781s, GPU 96%, 41.36W, 69C, 2483MHz
[01:50:08]     ... 11 running: 3841s, GPU 96%, 39.02W, 66C, 2476MHz
[01:51:09]     ... 11 running: 3902s, GPU 96%, 41.40W, 67C, 2483MHz
[01:52:09]     ... 11 running: 3962s, GPU 96%, 41.44W, 67C, 2476MHz
[01:53:09]     ... 11 running: 4022s, GPU 96%, 44.71W, 71C, 2483MHz
[01:54:10]     ... 11 running: 4083s, GPU 96%, 45.28W, 71C, 2463MHz
[01:55:10]     ... 11 running: 4143s, GPU 96%, 53.09W, 73C, 2463MHz
[01:56:10]     ... 11 running: 4203s, GPU 96%, 45.15W, 71C, 2496MHz
[01:56:38]     K: rate 0.7 req/s, 175 prompts
[01:57:11]     ... 11 running: 4264s, GPU 96%, 85.95W, 79C, 2444MHz
[01:58:11]     ... 11 running: 4324s, GPU 96%, 87.09W, 84C, 2405MHz
[01:59:11]     ... 11 running: 4384s, GPU 96%, 86.52W, 81C, 2398MHz
[02:00:12]     ... 11 running: 4445s, GPU 96%, 84.99W, 85C, 2431MHz
[02:01:12]     ... 11 running: 4505s, GPU 96%, 86.38W, 82C, 2405MHz
[02:02:12]     ... 11 running: 4565s, GPU 96%, 84.13W, 82C, 2411MHz
[02:03:13]     ... 11 running: 4626s, GPU 96%, 86.16W, 82C, 2424MHz
[02:04:13]     ... 11 running: 4686s, GPU 96%, 86.62W, 82C, 2411MHz
[02:05:14]     ... 11 running: 4747s, GPU 96%, 83.83W, 85C, 2431MHz
[02:06:14]     ... 11 running: 4807s, GPU 96%, 83.86W, 78C, 2444MHz
[02:07:14]     ... 11 running: 4867s, GPU 96%, 85.88W, 82C, 2424MHz
[02:08:15]     ... 11 running: 4928s, GPU 96%, 80.56W, 84C, 2437MHz
[02:09:15]     ... 11 running: 4988s, GPU 96%, 43.06W, 72C, 2476MHz
[02:10:15]     ... 11 running: 5048s, GPU 96%, 40.81W, 64C, 2476MHz
[02:11:15]     ... 11 running: 5108s, GPU 96%, 76.69W, 73C, 2476MHz
[02:12:16]     ... 11 running: 5169s, GPU 96%, 71.63W, 72C, 2470MHz
[02:13:16]     ... 11 running: 5229s, GPU 96%, 78.80W, 73C, 2463MHz
[02:14:16]     ... 11 running: 5289s, GPU 96%, 84.09W, 72C, 2463MHz
[02:15:07]     ... 11 running: 5340s, GPU 96%, 46.94W, 67C, 2489MHz
[02:16:07]     ... 11 running: 5400s, GPU 96%, 40.66W, 62C, 2476MHz
[02:17:07]     ... 11 running: 5460s, GPU 96%, 64.68W, 74C, 2463MHz
[02:18:07]     ... 11 running: 5520s, GPU 96%, 39.89W, 64C, 2483MHz
[02:19:08]     ... 11 running: 5581s, GPU 96%, 38.89W, 62C, 2476MHz
[02:20:08]     ... 11 running: 5641s, GPU 96%, 43.21W, 64C, 2483MHz
[02:21:08]     ... 11 running: 5701s, GPU 96%, 46.22W, 66C, 2489MHz
[02:22:09]     ... 11 running: 5762s, GPU 96%, 48.36W, 68C, 2489MHz
[02:23:09]     ... 11 running: 5822s, GPU 96%, 41.34W, 66C, 2496MHz
[02:23:28]     K: rate 1.0 req/s, 250 prompts
[02:24:10]     ... 11 running: 5883s, GPU 96%, 85.78W, 79C, 2444MHz
[02:25:10]     ... 11 running: 5943s, GPU 96%, 86.01W, 80C, 2418MHz
[02:26:10]     ... 11 running: 6003s, GPU 96%, 86.33W, 80C, 2437MHz
[02:27:11]     ... 11 running: 6064s, GPU 96%, 86.74W, 82C, 2405MHz
[02:28:11]     ... 11 running: 6124s, GPU 96%, 85.76W, 84C, 2411MHz
[02:29:11]     ... 11 running: 6184s, GPU 96%, 84.26W, 83C, 2340MHz
[02:30:12]     ... 11 running: 6245s, GPU 96%, 83.22W, 83C, 2437MHz
[02:31:12]     ... 11 running: 6305s, GPU 96%, 86.61W, 80C, 2431MHz
[02:32:12]     ... 11 running: 6365s, GPU 96%, 85.79W, 84C, 2424MHz
[02:33:13]     ... 11 running: 6426s, GPU 96%, 80.15W, 80C, 2379MHz
[02:34:13]     ... 11 running: 6486s, GPU 96%, 83.06W, 82C, 2411MHz
[02:35:14]     ... 11 running: 6547s, GPU 96%, 78.44W, 78C, 2450MHz
[02:36:14]     ... 11 running: 6607s, GPU 96%, 40.62W, 71C, 2463MHz
[02:37:14]     ... 11 running: 6667s, GPU 96%, 84.73W, 72C, 2450MHz
[02:38:15]     ... 11 running: 6728s, GPU 96%, 74.19W, 74C, 2470MHz
[02:39:15]     ... 11 running: 6788s, GPU 96%, 82.75W, 74C, 2457MHz
[02:40:15]     ... 11 running: 6848s, GPU 96%, 85.12W, 77C, 2457MHz
[02:41:16]     ... 11 running: 6909s, GPU 96%, 80.92W, 79C, 2457MHz
[02:42:16]     ... 11 running: 6969s, GPU 96%, 81.75W, 78C, 2444MHz
[02:43:16]     ... 11 running: 7029s, GPU 96%, 81.03W, 78C, 2457MHz
[02:44:17]     ... 11 running: 7089s, GPU 96%, 85.99W, 80C, 2444MHz
[02:45:07]     ... 11 running: 7140s, GPU 96%, 83.49W, 83C, 2450MHz
[02:46:07]     ... 11 running: 7200s, GPU 96%, 42.46W, 71C, 2470MHz
[02:47:07]     ... 11 running: 7260s, GPU 96%, 84.32W, 72C, 2457MHz
[02:48:08]     ... 11 running: 7321s, GPU 96%, 77.72W, 77C, 2463MHz
[02:49:08]     ... 11 running: 7381s, GPU 96%, 40.78W, 71C, 2483MHz
[02:50:08]     ... 11 running: 7441s, GPU 96%, 85.51W, 77C, 2463MHz
[02:51:09]     ... 11 running: 7502s, GPU 96%, 84.91W, 76C, 2444MHz
[02:52:09]     ... 11 running: 7562s, GPU 96%, 39.31W, 68C, 2489MHz
[02:53:09]     ... 11 running: 7622s, GPU 96%, 79.02W, 78C, 2457MHz
[02:54:10]     ... 11 running: 7683s, GPU 96%, 76.85W, 73C, 2463MHz
[02:55:10]     ... 11 running: 7743s, GPU 96%, 39.04W, 66C, 2470MHz
[02:56:10]     ... 11 running: 7803s, GPU 96%, 39.82W, 66C, 2483MHz
[02:57:11]     ... 11 running: 7864s, GPU 96%, 40.75W, 65C, 2483MHz
[02:58:11]     ... 11 running: 7924s, GPU 96%, 42.56W, 69C, 2476MHz
[02:59:11]     ... 11 running: 7984s, GPU 96%, 45.75W, 70C, 2489MHz
[03:00:12]     ... 11 running: 8045s, GPU 96%, 53.95W, 73C, 2470MHz
[03:01:12]     ... 11 running: 8105s, GPU 96%, 42.27W, 69C, 2496MHz
[03:01:34] ── END 11 (8127s) ──
[03:01:34] === klaar (31241s = 520m) ===
